Microchip MPLAB XC8 Compiler V1.34 ()

Linker command line:

--edf=C:\Program Files (x86)\Microchip\xc8\v1.34\dat\en_msgs.txt -cs \
  -h+dist/default/production\SerialDayFileVerify6.production.sym \
  --cmf=dist/default/production\SerialDayFileVerify6.production.cmf -z \
  -Q18F4520 -oC:\Users\engs1602\AppData\Local\Temp\s4mo.6 \
  -Mdist/default/production/SerialDayFileVerify6.production.map -E1 \
  -ver=XC8 -ASTACK=0400h-05ffh -pstack=STACK -ACODE=00h-07FFFh \
  -ACONST=00h-07FFFh -ASMALLCONST=0600h-06FFhx122 \
  -AMEDIUMCONST=0600h-07FFFh -ACOMRAM=01h-07Fh -AABS1=00h-05FFh \
  -ABIGRAM=01h-05FFh -ARAM=080h-0FFh,0100h-01FFhx5 -ABANK0=080h-0FFh \
  -ABANK1=0100h-01FFh -ABANK2=0200h-02FFh -ABANK3=0300h-03FFh \
  -ABANK4=0400h-04FFh -ABANK5=0500h-05FFh -ASFR=0F80h-0FFFh \
  -preset_vec=00h,intcode=08h,intcodelo=018h,powerup,init,end_init \
  -pramtop=0600h -psmallconst=SMALLCONST -pmediumconst=MEDIUMCONST \
  -pconst=CONST -AFARRAM=00h-00h -ACONFIG=0300000h-030000Dh -pconfig=CONFIG \
  -AIDLOC=0200000h-0200007h -pidloc=IDLOC -AEEDATA=0F00000h-0F000FFh \
  -peeprom_data=EEDATA \
  -prdata=COMRAM,nvrram=COMRAM,nvbit=COMRAM,rbss=COMRAM,rbit=COMRAM \
  -pfarbss=FARRAM,fardata=FARRAM,nvFARRAM=FARRAM \
  -pintsave_regs=BIGRAM,bigbss=BIGRAM,bigdata=BIGRAM -pbss=RAM \
  -pidata=CODE,irdata=CODE,ibigdata=CODE,ifardata=CODE -prparam=COMRAM \
  C:\Users\engs1602\AppData\Local\Temp\s4mo.obj \
  dist/default/production\SerialDayFileVerify6.production.obj 

Object code version is 3.11

Machine type is 18F4520

Call graph: (short form)




                Name                               Link     Load   Length Selector   Space Scale
C:\Users\engs1602\AppData\Local\Temp\s4mo.obj
                end_init                            188      188        4        C       0
                reset_vec                             0        0        4        0       0
                idloc                            200000   200000        8   200000       0
                config                           300000   300000        E   300000       0
dist/default/production\SerialDayFileVerify6.production.obj
                intcodelo                            18       18      170        C       0
                intcode                               8        8       10        4       0
                mediumconst                        76D4     76D4      92C     3B6A       0
                text59                             41C0     41C0       4C        C       0
                intcode_body                       2A98     2A98      22A        C       0
                text57                             43F4     43F4       24        C       0
                text56                             40C2     40C2       5C        C       0
                text55                             4174     4174       4C        C       0
                text54                             43A6     43A6       28        C       0
                text53                             4418     4418       22        C       0
                text52                             451E     451E        E        C       0
                text51                             17EC     17EC      3C2        C       0
                text50                             429E     429E       46        C       0
                text48                             4510     4510        E        C       0
                text47                             445A     445A       1E        C       0
                text46                             44E0     44E0       12        C       0
                text45                             43CE     43CE       26        C       0
                text44                             452C     452C        C        C       0
                text43                             3E78     3E78       84        C       0
                text42                             443A     443A       20        C       0
                text41                             44A4     44A4       16        C       0
                text40                             42E4     42E4       38        C       0
                text39                             434C     434C       2E        C       0
                text38                             37C0     37C0       F8        C       0
                text37                             3EFC     3EFC       82        C       0
                text36                             3FF8     3FF8       6C        C       0
                text35                             44F2     44F2       10        C       0
                text34                             13F4     13F4      3F8        C       0
                text33                             283C     283C      25C        C       0
                text32                             4064     4064       5E        C       0
                text31                             420C     420C       4A        C       0
                text30                              BCA      BCA      416        C       0
                text29                             437A     437A       2C        C       0
                text28                             2EB4     2EB4      1B0        C       0
                text27                             4502     4502        E        C       0
                text26                             4538     4538        4        C       0
                text25                             448E     448E       16        C       0
                text24                             44BA     44BA       14        C       0
                text23                             36A0     36A0      120        C       0
                text22                             4256     4256       48        C       0
                text21                             25BE     25BE      27E        C       0
                text20                             3064     3064      15C        C       0
                text19                             431C     431C       30        C       0
                text18                             3442     3442      132        C       0
                text17                             3B36     3B36       C8        C       0
                text16                             3A6E     3A6E       C8        C       0
                text15                             39A6     39A6       C8        C       0
                text14                             44CE     44CE       12        C       0
                text13                             3DF4     3DF4       84        C       0
                text12                             3574     3574      12C        C       0
                text11                             3D54     3D54       A0        C       0
                text10                             2CC2     2CC2      1F2        C       0
                text9                              31C0     31C0      142        C       0
                text8                              3F7E     3F7E       7A        C       0
                text7                               18C      18C      A3E        C       0
                text6                              38B8     38B8       EE        C       0
                text5                              3BFE     3BFE       AE        C       0
                text4                              3302     3302      140        C       0
                text3                               FE0      FE0      414        C       0
                text2                              1BAE     1BAE      3AC        C       0
                text1                              1F5A     1F5A      370        C       0
                text0                              22CA     22CA      2F4        C       0
                cstackCOMRAM                          1        1       27        1       1
                cstackBANK0                          80       80       5D       80       1
                cstackBANK1                         100      100       58      100       1
                bssBANK3                            300      300      100      300       1
                bssBANK2                            200      200      100      200       1
                dataBANK1                           158      158       56      100       1
                bssBANK1                            1AE      1AE       4C      100       1
                dataBANK0                            DF       DF        2       80       1
                bssBANK0                             DD       DD        2       80       1
                dataCOMRAM                           4A       4A       16        1       1
                bssCOMRAM                            28       28       22        1       1
                cinit                              3CAC     3CAC       A8        C       0
                nvBANK1                             1FA      1FA        1      100       1
                nvCOMRAM                             60       60        1        1       1
                idataBANK1                         411E     411E       56        C       0
                idataBANK0                         453C     453C        2        C       0
                idataCOMRAM                        4478     4478       16        C       0

TOTAL           Name                               Link     Load   Length     Space
        CLASS   STACK          

        CLASS   CODE           
                end_init                            188      188        4         0
                intcodelo                            18       18      170         0
                intcode                               8        8       10         0
                reset_vec                             0        0        4         0
                text59                             41C0     41C0       4C         0
                intcode_body                       2A98     2A98      22A         0
                text57                             43F4     43F4       24         0
                text56                             40C2     40C2       5C         0
                text55                             4174     4174       4C         0
                text54                             43A6     43A6       28         0
                text53                             4418     4418       22         0
                text52                             451E     451E        E         0
                text51                             17EC     17EC      3C2         0
                text50                             429E     429E       46         0
                text48                             4510     4510        E         0
                text47                             445A     445A       1E         0
                text46                             44E0     44E0       12         0
                text45                             43CE     43CE       26         0
                text44                             452C     452C        C         0
                text43                             3E78     3E78       84         0
                text42                             443A     443A       20         0
                text41                             44A4     44A4       16         0
                text40                             42E4     42E4       38         0
                text39                             434C     434C       2E         0
                text38                             37C0     37C0       F8         0
                text37                             3EFC     3EFC       82         0
                text36                             3FF8     3FF8       6C         0
                text35                             44F2     44F2       10         0
                text34                             13F4     13F4      3F8         0
                text33                             283C     283C      25C         0
                text32                             4064     4064       5E         0
                text31                             420C     420C       4A         0
                text30                              BCA      BCA      416         0
                text29                             437A     437A       2C         0
                text28                             2EB4     2EB4      1B0         0
                text27                             4502     4502        E         0
                text26                             4538     4538        4         0
                text25                             448E     448E       16         0
                text24                             44BA     44BA       14         0
                text23                             36A0     36A0      120         0
                text22                             4256     4256       48         0
                text21                             25BE     25BE      27E         0
                text20                             3064     3064      15C         0
                text19                             431C     431C       30         0
                text18                             3442     3442      132         0
                text17                             3B36     3B36       C8         0
                text16                             3A6E     3A6E       C8         0
                text15                             39A6     39A6       C8         0
                text14                             44CE     44CE       12         0
                text13                             3DF4     3DF4       84         0
                text12                             3574     3574      12C         0
                text11                             3D54     3D54       A0         0
                text10                             2CC2     2CC2      1F2         0
                text9                              31C0     31C0      142         0
                text8                              3F7E     3F7E       7A         0
                text7                               18C      18C      A3E         0
                text6                              38B8     38B8       EE         0
                text5                              3BFE     3BFE       AE         0
                text4                              3302     3302      140         0
                text3                               FE0      FE0      414         0
                text2                              1BAE     1BAE      3AC         0
                text1                              1F5A     1F5A      370         0
                text0                              22CA     22CA      2F4         0
                cinit                              3CAC     3CAC       A8         0
                idataBANK1                         411E     411E       56         0
                idataBANK0                         453C     453C        2         0
                idataCOMRAM                        4478     4478       16         0

        CLASS   CONST          

        CLASS   SMALLCONST     

        CLASS   MEDIUMCONST    
                mediumconst                        76D4     76D4      92C         0

        CLASS   COMRAM         
                cstackCOMRAM                          1        1       27         1
                dataCOMRAM                           4A       4A       16         1
                bssCOMRAM                            28       28       22         1
                nvCOMRAM                             60       60        1         1

        CLASS   ABS1           

        CLASS   BIGRAM         

        CLASS   RAM            

        CLASS   BANK0          
                cstackBANK0                          80       80       5D         1
                dataBANK0                            DF       DF        2         1
                bssBANK0                             DD       DD        2         1

        CLASS   BANK1          
                cstackBANK1                         100      100       58         1
                dataBANK1                           158      158       56         1
                bssBANK1                            1AE      1AE       4C         1
                nvBANK1                             1FA      1FA        1         1

        CLASS   BANK2          
                bssBANK2                            200      200      100         1

        CLASS   BANK3          
                bssBANK3                            300      300      100         1

        CLASS   BANK4          

        CLASS   BANK5          

        CLASS   SFR            

        CLASS   FARRAM         

        CLASS   CONFIG         
                config                           300000   300000        E         0

        CLASS   IDLOC          
                idloc                            200000   200000        8         0

        CLASS   EEDATA         



SEGMENTS        Name                           Load    Length   Top    Selector   Space  Class

                reset_vec                      000000  000004  000004         0       0  CODE    
                cstackCOMRAM                   000001  000060  000061         1       1  COMRAM  
                intcode                        000008  000010  000018         4       0  CODE    
                intcodelo                      000018  004526  00453E         C       0  CODE    
                cstackBANK0                    000080  000061  0000E1        80       1  BANK0   
                cstackBANK1                    000100  0000FB  0001FB       100       1  BANK1   
                bssBANK2                       000200  000100  000300       200       1  BANK2   
                bssBANK3                       000300  000100  000400       300       1  BANK3   
                mediumconst                    0076D4  00092C  008000      3B6A       0  MEDIUMCO
                idloc                          200000  000008  200008    200000       0  IDLOC   
                config                         300000  00000E  30000E    300000       0  CONFIG  


UNUSED ADDRESS RANGES

        Name                Unused          Largest block    Delta
        BANK0            0000E1-0000FF               1F
        BANK1            0001FB-0001FF                5
        BANK4            000400-0004FF              100
        BANK5            000500-0005FF              100
        BIGRAM           000061-00007F               1F
                         0000E1-0000FF               1F
                         0001FB-0001FF                5
                         000400-0005FF              200
        CODE             000004-000007                4
                         00453E-0076D3             3196
        COMRAM           000061-00007F               1F
        CONST            000004-000007                4
                         00453E-0076D3             3196
        EEDATA           F00000-F000FF              100
        MEDIUMCONST      00453E-0076D3             3196
        RAM              0000E1-0000FF               1F
                         0001FB-0001FF                5
                         000400-0005FF              100
        SFR              000F80-000FFF               80
        SMALLCONST       00453E-0076D3              100
        STACK            000400-0005FF              200

                                  Symbol Table

?_PumpDetect                               cstackBANK0  0000A3
?_ReadADC                                  cstackBANK0  00009F
?_ReadTimer0                               cstackBANK0  00009F
?_Read_X                                   cstackBANK1  000118
?_Read_Y                                   cstackBANK1  000118
?_Read_Z                                   cstackBANK1  000118
?___aldiv                                  cstackBANK0  00009F
?___awtoft                                 cstackBANK0  0000A7
?___ftadd                                  cstackBANK0  0000BA
?___ftdiv                                  cstackBANK0  0000D7
?___ftmul                                  cstackBANK0  0000AB
?___ftneg                                  cstackBANK0  00009F
?___ftpack                                 cstackBANK0  00009F
?___fttol                                  cstackBANK1  000109
?___lmul                                   cstackBANK0  00009F
?___lwdiv                                  cstackBANK0  00009F
?___lwmod                                  cstackBANK0  0000A6
?___wmul                                   cstackBANK0  00009F
?_abs                                      cstackBANK0  00009F
?_approxRollingAverage                     cstackBANK0  0000AD
?_atoi                                     cstackBANK0  0000A5
?_eval_poly                                cstackBANK0  0000C6
?_frexp                                    cstackBANK0  00009F
?_log                                      cstackBANK0  0000D2
?_printf                                   cstackBANK0  0000AB
?_strcmp                                   cstackBANK0  00009F
?i1___lwdiv                                cstackCOMRAM 000016
?i1___lwmod                                cstackCOMRAM 00001D
?i1___wmul                                 cstackCOMRAM 000016
?i1_printf                                 cstackCOMRAM 000022
?i2___lwmod                                cstackCOMRAM 000001
Delay10KTCYx@unit                          cstackBANK0  0000A0
Delay10TCYx@unit                           cstackBANK0  00009F
Delay1KTCYx@unit                           cstackBANK0  00009F
MessageRoutine@ret                         cstackBANK1  000128
MessageRoutine@str1                        cstackBANK1  000100
MessageRoutine@str2                        cstackBANK1  000114
OpenTimer0@config                          cstackBANK0  00009F
OpenUSART@config                           cstackBANK0  0000A1
OpenUSART@spbrg                            cstackBANK0  00009F
ReadTimer0@timer                           cstackBANK0  0000A1
ReadUSART@data                             cstackCOMRAM 000016
Read_X@c                                   cstackBANK1  00011B
Read_X@m                                   cstackBANK1  000118
Read_X@x                                   cstackBANK1  000121
Read_Y@c                                   cstackBANK1  00011B
Read_Y@m                                   cstackBANK1  000118
Read_Y@y                                   cstackBANK1  000121
Read_Z@c                                   cstackBANK1  00011B
Read_Z@m                                   cstackBANK1  000118
Read_Z@z                                   cstackBANK1  000121
_ADCON0                                    (abs)        000FC2
_ADCON0bits                                (abs)        000FC2
_ADCON1                                    (abs)        000FC1
_ADCON2                                    (abs)        000FC0
_ADRESH                                    (abs)        000FC4
_ADRESL                                    (abs)        000FC3
_BAUDCONbits                               (abs)        000FB8
_BTcount                                   bssCOMRAM    000028
_BTcountdown                               bssBANK1     0001CA
_BTpower                                   bssBANK1     0001CC
_BusyADC                                   text27       004502
_ConfigADC                                 text48       004510
_ConfigWord                                dataBANK1    00019A
_ConvertADC                                text26       004538
_DayCount                                  bssCOMRAM    00002A
_Delay10KTCYx                              text47       00445A
_Delay10TCYx                               text25       00448E
_Delay1KTCYx                               text41       0044A4
_INTCON2bits                               (abs)        000FF1
_INTCONbits                                (abs)        000FF2
_IPR1bits                                  (abs)        000F9F
_InitInterrupts                            text46       0044E0
_InitTimer0                                text44       00452C
_InitUSART                                 text42       00443A
_LATBbits                                  (abs)        000F8A
_LATCbits                                  (abs)        000F8B
_LastMessage                               bssBANK1     0001D2
_MessageBuffer                             bssBANK1     0001E6
_MessageRoutine                            text30       000BCA
_MsgFromPIC                                dataBANK1    000158
_NewDay                                    dataCOMRAM   000050
_NewMessage                                bssBANK0     0000DD
_NewMonth                                  dataBANK1    00016E
_Nlong                                     dataCOMRAM   000052
_Nshort                                    dataCOMRAM   000054
_OpenTimer0                                text45       0043CE
_OpenUSART                                 text43       003E78
_PIE1bits                                  (abs)        000F9D
_PIR1bits                                  (abs)        000F9E
_PumpDetect                                text28       002EB4
_Pumping                                   dataCOMRAM   000056
_RCONbits                                  (abs)        000FD0
_RCREG                                     (abs)        000FAE
_RCSTA                                     (abs)        000FAB
_RCSTAbits                                 (abs)        000FAB
_ReadADC                                   text24       0044BA
_ReadAndTime                               text10       002CC2
_ReadTimer0                                text14       0044CE
_ReadUSART                                 text57       0043F4
_Read_X                                    text17       003B36
_Read_X$2571                               cstackBANK1  00011E
_Read_Y                                    text16       003A6E
_Read_Y$2572                               cstackBANK1  00011E
_Read_Z                                    text15       0039A6
_Read_Z$2573                               cstackBANK1  00011E
_SPBRG                                     (abs)        000FAF
_SPBRGH                                    (abs)        000FB0
_SerialRxPinInterrupt                      intcodelo    000018
_SetDateTime                               text33       00283C
_Sinewave                                  mediumconst  0076D5
_T0CON                                     (abs)        000FD5
_T0CONbits                                 (abs)        000FD5
_T1CONbits                                 (abs)        000FCD
_TMR0H                                     (abs)        000FD7
_TMR0IF                                    (abs)        007F92
_TMR0L                                     (abs)        000FD6
_TRISA                                     (abs)        000F92
_TRISBbits                                 (abs)        000F93
_TRISCbits                                 (abs)        000F94
_TXIF                                      (abs)        007CF4
_TXREG                                     (abs)        000FAD
_TXSTA                                     (abs)        000FAC
_TXSTAbits                                 (abs)        000FAC
_TimeLoop                                  text13       003DF4
_Timer0Config                              bssCOMRAM    000046
_Timer1Config                              bssCOMRAM    000047
_TimingISR                                 intcode      000008
_UART1Config                               nvCOMRAM     000060
_USART_Status                              bssCOMRAM    000048
__CFG_BOREN$OFF                            (abs)        000000
__CFG_LVP$OFF                              (abs)        000000
__CFG_OSC$HSPLL                            (abs)        000000
__CFG_PBADEN$OFF                           (abs)        000000
__CFG_WDT$OFF                              (abs)        000000
__HRAM                                     (abs)        000000
__Habs1                                    abs1         000000
__Hbank0                                   bank0        000000
__Hbank1                                   bank1        000000
__Hbank2                                   bank2        000000
__Hbank3                                   bank3        000000
__Hbank4                                   bank4        000000
__Hbank5                                   bank5        000000
__Hbigbss                                  bigbss       000000
__Hbigdata                                 bigdata      000000
__Hbigram                                  bigram       000000
__Hbss                                     bss          000000
__HbssBANK0                                bssBANK0     000000
__HbssBANK1                                bssBANK1     000000
__HbssBANK2                                bssBANK2     000000
__HbssBANK3                                bssBANK3     000000
__HbssCOMRAM                               bssCOMRAM    000000
__Hcinit                                   cinit        000000
__Hclrtext                                 clrtext      000000
__Hcomram                                  comram       000000
__Hconfig                                  config       30000E
__Hconst                                   const        000000
__HcstackBANK0                             cstackBANK0  000000
__HcstackBANK1                             cstackBANK1  000000
__HcstackCOMRAM                            cstackCOMRAM 000000
__Hdata                                    data         000000
__HdataBANK0                               dataBANK0    000000
__HdataBANK1                               dataBANK1    000000
__HdataCOMRAM                              dataCOMRAM   000000
__Heeprom_data                             eeprom_data  000000
__Hend_init                                end_init     00018C
__Hfarbss                                  farbss       000000
__Hfardata                                 fardata      000000
__Hibigdata                                ibigdata     000000
__Hidata                                   idata        000000
__HidataBANK0                              idataBANK0   000000
__HidataBANK1                              idataBANK1   000000
__HidataCOMRAM                             idataCOMRAM  000000
__Hidloc                                   idloc        200008
__Hifardata                                ifardata     000000
__Hinit                                    init         000188
__Hintcode                                 intcode      000018
__Hintcode_body                            intcode_body 000000
__Hintcodelo                               intcodelo    000188
__Hintentry                                intentry     000000
__Hintret                                  intret       000000
__Hintsave_regs                            intsave_regs 000000
__Hirdata                                  irdata       000000
__Hmediumconst                             mediumconst  008000
__HnvBANK1                                 nvBANK1      000000
__HnvCOMRAM                                nvCOMRAM     000000
__HnvFARRAM                                nvFARRAM     000000
__Hnvbit                                   nvbit        000000
__Hnvrram                                  nvrram       000000
__Hparam                                   rparam       000000
__Hpowerup                                 powerup      000188
__Hram                                     ram          000000
__Hramtop                                  ramtop       000600
__Hrbit                                    rbit         000000
__Hrbss                                    rbss         000000
__Hrdata                                   rdata        000000
__Hreset_vec                               reset_vec    000004
__Hrparam                                  rparam       000000
__Hsfr                                     sfr          000000
__Hsmallconst                              smallconst   000000
__Hspace_0                                 (abs)        30000E
__Hspace_1                                 (abs)        000400
__Hspace_2                                 (abs)        000000
__Hstack                                   stack        000000
__Hstruct                                  struct       000000
__Htemp                                    temp         000000
__Htext                                    text         000000
__Htext0                                   text0        000000
__Htext1                                   text1        000000
__Htext10                                  text10       000000
__Htext11                                  text11       000000
__Htext12                                  text12       000000
__Htext13                                  text13       000000
__Htext14                                  text14       000000
__Htext15                                  text15       000000
__Htext16                                  text16       000000
__Htext17                                  text17       000000
__Htext18                                  text18       000000
__Htext19                                  text19       000000
__Htext2                                   text2        000000
__Htext20                                  text20       000000
__Htext21                                  text21       000000
__Htext22                                  text22       000000
__Htext23                                  text23       000000
__Htext24                                  text24       000000
__Htext25                                  text25       000000
__Htext26                                  text26       000000
__Htext27                                  text27       000000
__Htext28                                  text28       000000
__Htext29                                  text29       000000
__Htext3                                   text3        000000
__Htext30                                  text30       000000
__Htext31                                  text31       000000
__Htext32                                  text32       000000
__Htext33                                  text33       000000
__Htext34                                  text34       000000
__Htext35                                  text35       000000
__Htext36                                  text36       000000
__Htext37                                  text37       000000
__Htext38                                  text38       000000
__Htext39                                  text39       000000
__Htext4                                   text4        000000
__Htext40                                  text40       000000
__Htext41                                  text41       000000
__Htext42                                  text42       000000
__Htext43                                  text43       000000
__Htext44                                  text44       000000
__Htext45                                  text45       000000
__Htext46                                  text46       000000
__Htext47                                  text47       000000
__Htext48                                  text48       000000
__Htext5                                   text5        000000
__Htext50                                  text50       000000
__Htext51                                  text51       000000
__Htext52                                  text52       000000
__Htext53                                  text53       000000
__Htext54                                  text54       000000
__Htext55                                  text55       000000
__Htext56                                  text56       000000
__Htext57                                  text57       000000
__Htext59                                  text59       000000
__Htext6                                   text6        000000
__Htext7                                   text7        000000
__Htext8                                   text8        000000
__Htext9                                   text9        000000
__LRAM                                     (abs)        000001
__Labs1                                    abs1         000000
__Lbank0                                   bank0        000000
__Lbank1                                   bank1        000000
__Lbank2                                   bank2        000000
__Lbank3                                   bank3        000000
__Lbank4                                   bank4        000000
__Lbank5                                   bank5        000000
__Lbigbss                                  bigbss       000000
__Lbigdata                                 bigdata      000000
__Lbigram                                  bigram       000000
__Lbss                                     bss          000000
__LbssBANK0                                bssBANK0     000000
__LbssBANK1                                bssBANK1     000000
__LbssBANK2                                bssBANK2     000000
__LbssBANK3                                bssBANK3     000000
__LbssCOMRAM                               bssCOMRAM    000000
__Lcinit                                   cinit        000000
__Lclrtext                                 clrtext      000000
__Lcomram                                  comram       000000
__Lconfig                                  config       300000
__Lconst                                   const        000000
__LcstackBANK0                             cstackBANK0  000000
__LcstackBANK1                             cstackBANK1  000000
__LcstackCOMRAM                            cstackCOMRAM 000000
__Ldata                                    data         000000
__LdataBANK0                               dataBANK0    000000
__LdataBANK1                               dataBANK1    000000
__LdataCOMRAM                              dataCOMRAM   000000
__Leeprom_data                             eeprom_data  000000
__Lend_init                                end_init     000188
__Lfarbss                                  farbss       000000
__Lfardata                                 fardata      000000
__Libigdata                                ibigdata     000000
__Lidata                                   idata        000000
__LidataBANK0                              idataBANK0   000000
__LidataBANK1                              idataBANK1   000000
__LidataCOMRAM                             idataCOMRAM  000000
__Lidloc                                   idloc        200000
__Lifardata                                ifardata     000000
__Linit                                    init         000188
__Lintcode                                 intcode      000008
__Lintcode_body                            intcode_body 000000
__Lintcodelo                               intcodelo    000018
__Lintentry                                intentry     000000
__Lintret                                  intret       000000
__Lintsave_regs                            intsave_regs 000000
__Lirdata                                  irdata       000000
__Lmediumconst                             mediumconst  0076D4
__LnvBANK1                                 nvBANK1      000000
__LnvCOMRAM                                nvCOMRAM     000000
__LnvFARRAM                                nvFARRAM     000000
__Lnvbit                                   nvbit        000000
__Lnvrram                                  nvrram       000000
__Lparam                                   rparam       000000
__Lpowerup                                 powerup      000188
__Lram                                     ram          000000
__Lramtop                                  ramtop       000600
__Lrbit                                    rbit         000000
__Lrbss                                    rbss         000000
__Lrdata                                   rdata        000000
__Lreset_vec                               reset_vec    000000
__Lrparam                                  rparam       000000
__Lsfr                                     sfr          000000
__Lsmallconst                              smallconst   000000
__Lspace_0                                 (abs)        000000
__Lspace_1                                 (abs)        000000
__Lspace_2                                 (abs)        000000
__Lstack                                   stack        000000
__Lstruct                                  struct       000000
__Ltemp                                    temp         000000
__Ltext                                    text         000000
__Ltext0                                   text0        000000
__Ltext1                                   text1        000000
__Ltext10                                  text10       000000
__Ltext11                                  text11       000000
__Ltext12                                  text12       000000
__Ltext13                                  text13       000000
__Ltext14                                  text14       000000
__Ltext15                                  text15       000000
__Ltext16                                  text16       000000
__Ltext17                                  text17       000000
__Ltext18                                  text18       000000
__Ltext19                                  text19       000000
__Ltext2                                   text2        000000
__Ltext20                                  text20       000000
__Ltext21                                  text21       000000
__Ltext22                                  text22       000000
__Ltext23                                  text23       000000
__Ltext24                                  text24       000000
__Ltext25                                  text25       000000
__Ltext26                                  text26       000000
__Ltext27                                  text27       000000
__Ltext28                                  text28       000000
__Ltext29                                  text29       000000
__Ltext3                                   text3        000000
__Ltext30                                  text30       000000
__Ltext31                                  text31       000000
__Ltext32                                  text32       000000
__Ltext33                                  text33       000000
__Ltext34                                  text34       000000
__Ltext35                                  text35       000000
__Ltext36                                  text36       000000
__Ltext37                                  text37       000000
__Ltext38                                  text38       000000
__Ltext39                                  text39       000000
__Ltext4                                   text4        000000
__Ltext40                                  text40       000000
__Ltext41                                  text41       000000
__Ltext42                                  text42       000000
__Ltext43                                  text43       000000
__Ltext44                                  text44       000000
__Ltext45                                  text45       000000
__Ltext46                                  text46       000000
__Ltext47                                  text47       000000
__Ltext48                                  text48       000000
__Ltext5                                   text5        000000
__Ltext50                                  text50       000000
__Ltext51                                  text51       000000
__Ltext52                                  text52       000000
__Ltext53                                  text53       000000
__Ltext54                                  text54       000000
__Ltext55                                  text55       000000
__Ltext56                                  text56       000000
__Ltext57                                  text57       000000
__Ltext59                                  text59       000000
__Ltext6                                   text6        000000
__Ltext7                                   text7        000000
__Ltext8                                   text8        000000
__Ltext9                                   text9        000000
__S0                                       (abs)        30000E
__S1                                       (abs)        000400
__S2                                       (abs)        000000
___aldiv                                   text12       003574
___aldiv@counter                           cstackBANK0  0000A7
___aldiv@dividend                          cstackBANK0  00009F
___aldiv@divisor                           cstackBANK0  0000A3
___aldiv@quotient                          cstackBANK0  0000A9
___aldiv@sign                              cstackBANK0  0000A8
___awtoft                                  text22       004256
___awtoft@c                                cstackBANK0  0000A7
___awtoft@sign                             cstackBANK0  0000AA
___ftadd                                   text21       0025BE
___ftadd@exp1                              cstackBANK0  0000C5
___ftadd@exp2                              cstackBANK0  0000C4
___ftadd@f1                                cstackBANK0  0000BA
___ftadd@f2                                cstackBANK0  0000BD
___ftadd@sign                              cstackBANK0  0000C3
___ftdiv                                   text9        0031C0
___ftdiv@cntr                              cstackBANK1  000103
___ftdiv@exp                               cstackBANK1  000107
___ftdiv@f1                                cstackBANK0  0000D7
___ftdiv@f2                                cstackBANK0  0000DA
___ftdiv@f3                                cstackBANK1  000104
___ftdiv@sign                              cstackBANK1  000108
___ftmul                                   text20       003064
___ftmul@cntr                              cstackBANK0  0000B8
___ftmul@exp                               cstackBANK0  0000B4
___ftmul@f1                                cstackBANK0  0000AB
___ftmul@f2                                cstackBANK0  0000AE
___ftmul@f3_as_product                     cstackBANK0  0000B5
___ftmul@sign                              cstackBANK0  0000B9
___ftneg                                   text19       00431C
___ftneg@f1                                cstackBANK0  00009F
___ftpack                                  text23       0036A0
___ftpack@arg                              cstackBANK0  00009F
___ftpack@exp                              cstackBANK0  0000A2
___ftpack@sign                             cstackBANK0  0000A3
___fttol                                   text18       003442
___fttol@exp1                              cstackBANK1  000117
___fttol@f1                                cstackBANK1  000109
___fttol@lval                              cstackBANK1  000113
___fttol@sign1                             cstackBANK1  000112
___inthi_sp                                stack        000000
___intlo_sp                                stack        000000
___lmul                                    text8        003F7E
___lmul@multiplicand                       cstackBANK0  0000A3
___lmul@multiplier                         cstackBANK0  00009F
___lmul@product                            cstackBANK0  0000A7
___lwdiv                                   text37       003EFC
___lwdiv@counter                           cstackBANK0  0000A3
___lwdiv@dividend                          cstackBANK0  00009F
___lwdiv@divisor                           cstackBANK0  0000A1
___lwdiv@quotient                          cstackBANK0  0000A4
___lwmod                                   text36       003FF8
___lwmod@counter                           cstackBANK0  0000AA
___lwmod@dividend                          cstackBANK0  0000A6
___lwmod@divisor                           cstackBANK0  0000A8
___param_bank                              (abs)        000010
___rparam_used                             (abs)        000001
___sp                                      stack        000000
___wmul                                    text40       0042E4
___wmul@multiplicand                       cstackBANK0  0000A1
___wmul@multiplier                         cstackBANK0  00009F
___wmul@product                            cstackBANK0  0000A3
__accesstop                                (abs)        000080
__activetblptr                             (abs)        000002
__end_of_BusyADC                           text27       004510
__end_of_ConfigADC                         text48       00451E
__end_of_ConvertADC                        text26       00453C
__end_of_Delay10KTCYx                      text47       004478
__end_of_Delay10TCYx                       text25       0044A4
__end_of_Delay1KTCYx                       text41       0044BA
__end_of_InitInterrupts                    text46       0044F2
__end_of_InitTimer0                        text44       004538
__end_of_InitUSART                         text42       00445A
__end_of_MessageRoutine                    text30       000FE0
__end_of_OpenTimer0                        text45       0043F4
__end_of_OpenUSART                         text43       003EFC
__end_of_PumpDetect                        text28       003064
__end_of_ReadADC                           text24       0044CE
__end_of_ReadAndTime                       text10       002EB4
__end_of_ReadTimer0                        text14       0044E0
__end_of_ReadUSART                         text57       004418
__end_of_Read_X                            text17       003BFE
__end_of_Read_Y                            text16       003B36
__end_of_Read_Z                            text15       003A6E
__end_of_SerialRxPinInterrupt              intcodelo    000188
__end_of_SetDateTime                       text33       002A98
__end_of_Sinewave                          mediumconst  007CD5
__end_of_TimeLoop                          text13       003E78
__end_of_TimingISR                         intcode_body 002CC2
__end_of___aldiv                           text12       0036A0
__end_of___awtoft                          text22       00429E
__end_of___ftadd                           text21       00283C
__end_of___ftdiv                           text9        003302
__end_of___ftmul                           text20       0031C0
__end_of___ftneg                           text19       00434C
__end_of___ftpack                          text23       0037C0
__end_of___fttol                           text18       003574
__end_of___lmul                            text8        003FF8
__end_of___lwdiv                           text37       003F7E
__end_of___lwmod                           text36       004064
__end_of___wmul                            text40       00431C
__end_of__initialization                   cinit        003D4A
__end_of_abs                               text29       0043A6
__end_of_approxRollingAverage              text11       003DF4
__end_of_atoi                              text38       0038B8
__end_of_cmFftFun                          text3        0013F4
__end_of_cmFilterHighPassUsingLowPass      text2        001F5A
__end_of_cmStuffsWrapperFun                text1        0022CA
__end_of_dpowers                           mediumconst  007CDF
__end_of_eval_poly                         text6        0039A6
__end_of_fix_fft                           text7        000BCA
__end_of_frexp                             text5        003CAC
__end_of_isdigit                           text39       00437A
__end_of_log                               text4        003442
__end_of_main                              text0        0025BE
__end_of_printf                            text34       0017EC
__end_of_putch                             text35       004502
__end_of_strcmp                            text32       0040C2
__end_of_strcpy                            text31       004256
__end_ofi1___lwdiv                         text56       00411E
__end_ofi1___lwmod                         text55       0041C0
__end_ofi1___wmul                          text54       0043CE
__end_ofi1_isdigit                         text53       00443A
__end_ofi1_printf                          text51       001BAE
__end_ofi1_putch                           text52       00452C
__end_ofi1_strcpy                          text50       0042E4
__end_ofi2___lwmod                         text59       00420C
__end_oflog@coeff                          mediumconst  007CFA
__initialization                           cinit        003CAC
__mediumconst                              mediumconst  0076D4
__pbssBANK0                                bssBANK0     0000DD
__pbssBANK1                                bssBANK1     0001AE
__pbssBANK2                                bssBANK2     000200
__pbssBANK3                                bssBANK3     000300
__pbssCOMRAM                               bssCOMRAM    000028
__pcinit                                   cinit        003CAC
__pcstackBANK0                             cstackBANK0  000080
__pcstackBANK1                             cstackBANK1  000100
__pcstackCOMRAM                            cstackCOMRAM 000001
__pdataBANK0                               dataBANK0    0000DF
__pdataBANK1                               dataBANK1    000158
__pdataCOMRAM                              dataCOMRAM   00004A
__pidataBANK0                              idataBANK0   00453C
__pidataBANK1                              idataBANK1   00411E
__pidataCOMRAM                             idataCOMRAM  004478
__pintcode                                 intcode      000008
__pintcode_body                            intcode_body 002A98
__pintcodelo                               intcodelo    000018
__pmediumconst                             mediumconst  0076D4
__pnvBANK1                                 nvBANK1      0001FA
__pnvCOMRAM                                nvCOMRAM     000060
__ptext0                                   text0        0022CA
__ptext1                                   text1        001F5A
__ptext10                                  text10       002CC2
__ptext11                                  text11       003D54
__ptext12                                  text12       003574
__ptext13                                  text13       003DF4
__ptext14                                  text14       0044CE
__ptext15                                  text15       0039A6
__ptext16                                  text16       003A6E
__ptext17                                  text17       003B36
__ptext18                                  text18       003442
__ptext19                                  text19       00431C
__ptext2                                   text2        001BAE
__ptext20                                  text20       003064
__ptext21                                  text21       0025BE
__ptext22                                  text22       004256
__ptext23                                  text23       0036A0
__ptext24                                  text24       0044BA
__ptext25                                  text25       00448E
__ptext26                                  text26       004538
__ptext27                                  text27       004502
__ptext28                                  text28       002EB4
__ptext29                                  text29       00437A
__ptext3                                   text3        000FE0
__ptext30                                  text30       000BCA
__ptext31                                  text31       00420C
__ptext32                                  text32       004064
__ptext33                                  text33       00283C
__ptext34                                  text34       0013F4
__ptext35                                  text35       0044F2
__ptext36                                  text36       003FF8
__ptext37                                  text37       003EFC
__ptext38                                  text38       0037C0
__ptext39                                  text39       00434C
__ptext4                                   text4        003302
__ptext40                                  text40       0042E4
__ptext41                                  text41       0044A4
__ptext42                                  text42       00443A
__ptext43                                  text43       003E78
__ptext44                                  text44       00452C
__ptext45                                  text45       0043CE
__ptext46                                  text46       0044E0
__ptext47                                  text47       00445A
__ptext48                                  text48       004510
__ptext5                                   text5        003BFE
__ptext50                                  text50       00429E
__ptext51                                  text51       0017EC
__ptext52                                  text52       00451E
__ptext53                                  text53       004418
__ptext54                                  text54       0043A6
__ptext55                                  text55       004174
__ptext56                                  text56       0040C2
__ptext57                                  text57       0043F4
__ptext59                                  text59       0041C0
__ptext6                                   text6        0038B8
__ptext7                                   text7        00018C
__ptext8                                   text8        003F7E
__ptext9                                   text9        0031C0
__ramtop                                   ramtop       000600
__size_of_BusyADC                          (abs)        000000
__size_of_ConfigADC                        (abs)        000000
__size_of_ConvertADC                       (abs)        000000
__size_of_Delay10KTCYx                     (abs)        000000
__size_of_Delay10TCYx                      (abs)        000000
__size_of_Delay1KTCYx                      (abs)        000000
__size_of_InitInterrupts                   (abs)        000000
__size_of_InitTimer0                       (abs)        000000
__size_of_InitUSART                        (abs)        000000
__size_of_MessageRoutine                   (abs)        000000
__size_of_OpenTimer0                       (abs)        000000
__size_of_OpenUSART                        (abs)        000000
__size_of_PumpDetect                       (abs)        000000
__size_of_ReadADC                          (abs)        000000
__size_of_ReadAndTime                      (abs)        000000
__size_of_ReadTimer0                       (abs)        000000
__size_of_ReadUSART                        (abs)        000000
__size_of_Read_X                           (abs)        000000
__size_of_Read_Y                           (abs)        000000
__size_of_Read_Z                           (abs)        000000
__size_of_SerialRxPinInterrupt             (abs)        000000
__size_of_SetDateTime                      (abs)        000000
__size_of_TimeLoop                         (abs)        000000
__size_of_TimingISR                        (abs)        000000
__size_of___aldiv                          (abs)        000000
__size_of___awtoft                         (abs)        000000
__size_of___ftadd                          (abs)        000000
__size_of___ftdiv                          (abs)        000000
__size_of___ftmul                          (abs)        000000
__size_of___ftneg                          (abs)        000000
__size_of___ftpack                         (abs)        000000
__size_of___fttol                          (abs)        000000
__size_of___lmul                           (abs)        000000
__size_of___lwdiv                          (abs)        000000
__size_of___lwmod                          (abs)        000000
__size_of___wmul                           (abs)        000000
__size_of_abs                              (abs)        000000
__size_of_approxRollingAverage             (abs)        000000
__size_of_atoi                             (abs)        000000
__size_of_cmFftFun                         (abs)        000000
__size_of_cmFilterHighPassUsingLowPass     (abs)        000000
__size_of_cmStuffsWrapperFun               (abs)        000000
__size_of_eval_poly                        (abs)        000000
__size_of_fix_fft                          (abs)        000000
__size_of_frexp                            (abs)        000000
__size_of_isdigit                          (abs)        000000
__size_of_log                              (abs)        000000
__size_of_main                             (abs)        000000
__size_of_printf                           (abs)        000000
__size_of_putch                            (abs)        000000
__size_of_strcmp                           (abs)        000000
__size_of_strcpy                           (abs)        000000
__size_ofi1___lwdiv                        (abs)        000000
__size_ofi1___lwmod                        (abs)        000000
__size_ofi1___wmul                         (abs)        000000
__size_ofi1_isdigit                        (abs)        000000
__size_ofi1_printf                         (abs)        000000
__size_ofi1_putch                          (abs)        000000
__size_ofi1_strcpy                         (abs)        000000
__size_ofi2___lwmod                        (abs)        000000
__smallconst                               smallconst   000000
_abs                                       text29       00437A
_approxRollingAverage                      text11       003D54
_atoi                                      text38       0037C0
_baud                                      nvBANK1      0001FA
_cmFftFun                                  text3        000FE0
_cmFilterHighPassUsingLowPass              text2        001BAE
_cmStuffsWrapperFun                        text1        001F5A
_cmWeightVector                            dataBANK1    000170
_cmWinLen                                  bssCOMRAM    00002C
_cmYimag                                   bssBANK3     000300
_cmYout                                    bssCOMRAM    00002E
_cmYreal                                   bssBANK2     000200
_counter                                   bssCOMRAM    000030
_day                                       dataBANK0    0000DF
_dpowers                                   mediumconst  007CD5
_errno                                     bssBANK1     0001CE
_eval_poly                                 text6        0038B8
_fix_fft                                   text7        00018C
_frexp                                     text5        003BFE
_goffset                                   dataCOMRAM   00004A
_gscale                                    dataCOMRAM   00004D
_hours                                     bssCOMRAM    000032
_i                                         bssCOMRAM    000034
_isdigit                                   text39       00434C
_isdigit$2250                              cstackBANK0  0000A0
_log                                       text4        003302
_main                                      text0        0022CA
_minutes                                   bssCOMRAM    000036
_month                                     dataCOMRAM   000058
_offcount                                  bssBANK1     0001AE
_offcountmax                               dataCOMRAM   00005A
_onthresh                                  dataCOMRAM   00005C
_overflow                                  bssBANK1     0001D0
_printf                                    text34       0013F4
_putch                                     text35       0044F2
_rx                                        bssCOMRAM    000049
_seconds                                   bssCOMRAM    000038
_strcmp                                    text32       004064
_strcpy                                    text31       00420C
_tl                                        bssCOMRAM    00003A
_tr                                        bssCOMRAM    00003C
_tt                                        bssCOMRAM    00003E
_x                                         bssCOMRAM    000040
_xlongavg                                  bssBANK1     0001B2
_xshortavg                                 bssBANK1     0001B6
_y                                         bssCOMRAM    000042
_year                                      dataCOMRAM   00005E
_ylongavg                                  bssBANK1     0001BA
_yshortavg                                 bssBANK1     0001BE
_z                                         bssCOMRAM    000044
_zlongavg                                  bssBANK1     0001C2
_zshortavg                                 bssBANK1     0001C6
abs@a                                      cstackBANK0  00009F
approxRollingAverage@N                     cstackBANK0  0000B5
approxRollingAverage@avg                   cstackBANK0  0000AD
approxRollingAverage@new_sample            cstackBANK0  0000B1
atoi@a                                     cstackBANK0  0000AA
atoi@s                                     cstackBANK0  0000A5
atoi@sign                                  cstackBANK0  0000A9
cmFftFun@k                                 cstackBANK1  000147
cmFftFun@place                             cstackBANK1  000143
cmFftFun@root                              cstackBANK1  00013F
cmFftFun@sizeData                          cstackBANK1  00013D
cmFilterHighPassUsingLowPass@F4485         dataBANK1    000166
cmFilterHighPassUsingLowPass@Nsignal       cstackBANK0  0000C1
cmFilterHighPassUsingLowPass@cmFilterCoeff cstackBANK0  0000B1
cmFilterHighPassUsingLowPass@i             cstackBANK0  0000C5
cmFilterHighPassUsingLowPass@j             cstackBANK0  0000BD
cmFilterHighPassUsingLowPass@j_440         cstackBANK0  0000C3
cmFilterHighPassUsingLowPass@k             cstackBANK0  0000B9
cmFilterHighPassUsingLowPass@xBuffer       cstackBANK0  0000BB
cmFilterHighPassUsingLowPass@xLPF          cstackBANK0  0000BF
cmStuffsWrapperFun@iTemp                   cstackBANK1  000151
cmStuffsWrapperFun@iTemp_420               cstackBANK1  00014B
cmStuffsWrapperFun@iTemp_423               cstackBANK1  00014D
cmStuffsWrapperFun@iTemp_428               cstackBANK1  000149
cmStuffsWrapperFun@iW                      cstackBANK1  00014F
end_of_initialization                      cinit        003D4A
eval_poly@d                                cstackBANK0  0000C9
eval_poly@n                                cstackBANK0  0000CB
eval_poly@res                              cstackBANK0  0000CF
eval_poly@x                                cstackBANK0  0000C6
fix_fft@b                                  cstackBANK1  00011C
fix_fft@c                                  cstackBANK1  00012E
fix_fft@fi                                 cstackBANK0  0000AD
fix_fft@fr                                 cstackBANK0  0000AB
fix_fft@i                                  cstackBANK1  00011E
fix_fft@istep                              cstackBANK1  000108
fix_fft@j                                  cstackBANK1  00012A
fix_fft@k                                  cstackBANK1  000100
fix_fft@l                                  cstackBANK1  000126
fix_fft@m                                  cstackBANK0  0000AF
fix_fft@mr                                 cstackBANK1  000122
fix_fft@n                                  cstackBANK1  000114
fix_fft@nn                                 cstackBANK1  000104
fix_fft@qi                                 cstackBANK1  00010E
fix_fft@qr                                 cstackBANK1  00010C
fix_fft@ti                                 cstackBANK1  00011A
fix_fft@tr                                 cstackBANK1  000118
fix_fft@wi                                 cstackBANK1  000112
fix_fft@wr                                 cstackBANK1  000110
frexp@eptr                                 cstackBANK0  0000A2
frexp@value                                cstackBANK0  00009F
i1___lwdiv                                 text56       0040C2
i1___lwdiv@counter                         cstackCOMRAM 00001A
i1___lwdiv@dividend                        cstackCOMRAM 000016
i1___lwdiv@divisor                         cstackCOMRAM 000018
i1___lwdiv@quotient                        cstackCOMRAM 00001B
i1___lwmod                                 text55       004174
i1___lwmod@counter                         cstackCOMRAM 000021
i1___lwmod@dividend                        cstackCOMRAM 00001D
i1___lwmod@divisor                         cstackCOMRAM 00001F
i1___wmul                                  text54       0043A6
i1___wmul@multiplicand                     cstackCOMRAM 000018
i1___wmul@multiplier                       cstackCOMRAM 000016
i1___wmul@product                          cstackCOMRAM 00001A
i1_isdigit                                 text53       004418
i1_isdigit$2250                            cstackCOMRAM 000017
i1_printf                                  text51       0017EC
i1_putch                                   text52       00451E
i1_strcpy                                  text50       00429E
i1isdigit@c                                cstackCOMRAM 000018
i1printf@ap                                cstackBANK0  000083
i1printf@c                                 cstackBANK0  00008C
i1printf@cp                                cstackBANK0  000080
i1printf@f                                 cstackCOMRAM 000022
i1printf@flag                              cstackBANK0  000087
i1printf@len                               cstackBANK0  000085
i1printf@prec                              cstackBANK0  000082
i1printf@val                               cstackBANK0  000088
i1printf@width                             cstackBANK0  00008A
i1putch@c                                  cstackCOMRAM 000016
i1strcpy@cp                                cstackCOMRAM 00001A
i1strcpy@from                              cstackCOMRAM 000018
i1strcpy@to                                cstackCOMRAM 000016
i2___lwmod                                 text59       0041C0
i2___lwmod@counter                         cstackCOMRAM 000005
i2___lwmod@dividend                        cstackCOMRAM 000001
i2___lwmod@divisor                         cstackCOMRAM 000003
int_func                                   intcode_body 002A98
intlevel0                                  text         000000
intlevel1                                  text         000000
intlevel2                                  text         000000
intlevel3                                  text         000000
isdigit@c                                  cstackBANK0  0000A1
log@coeff                                  mediumconst  007CDF
log@exponent                               cstackBANK0  0000D5
log@x                                      cstackBANK0  0000D2
printf@ap                                  cstackBANK0  0000BE
printf@c                                   cstackBANK0  0000C7
printf@cp                                  cstackBANK0  0000BB
printf@f                                   cstackBANK0  0000AB
printf@flag                                cstackBANK0  0000C2
printf@len                                 cstackBANK0  0000C0
printf@prec                                cstackBANK0  0000BD
printf@val                                 cstackBANK0  0000C3
printf@width                               cstackBANK0  0000C5
putch@c                                    cstackBANK0  00009F
stackhi                                    (abs)        0005FF
stacklo                                    (abs)        000400
start                                      init         000188
start_initialization                       cinit        003CAC
strcmp@r                                   cstackBANK0  0000A4
strcmp@s1                                  cstackBANK0  00009F
strcmp@s2                                  cstackBANK0  0000A1
strcpy@cp                                  cstackBANK0  0000A3
strcpy@from                                cstackBANK0  0000A1
strcpy@to                                  cstackBANK0  00009F


FUNCTION INFORMATION:

 *************** function _main *****************
 Defined at:
		line 58 in file "serialcomms.c"
 Parameters:    Size  Location     Type
  argc            2   83[BANK1 ] int 
  argv            3   85[BANK1 ] PTR PTR unsigned char 
 Auto vars:     Size  Location     Type
		None
 Return value:  Size  Location     Type
		None               void
 Registers used:
		wreg, fsr0l, fsr0h, fsr1l, fsr1h, fsr2l, fsr2h, status,2, status,0, tblptrl, tblptrh, tblptru, prodl, prodh, cstack
 Tracked objects:
		On entry : 
		On exit  : 
		Unchanged: 
 Data sizes:     COMRAM   BANK0   BANK1   BANK2   BANK3   BANK4   BANK5
      Params:         0       0       5       0       0       0       0
      Locals:         0       0       0       0       0       0       0
      Temps:          0       0       0       0       0       0       0
      Totals:         0       0       5       0       0       0       0
Total ram usage:        5 bytes
 Hardware stack levels required when called:   11
 This function calls:
		_ConfigADC
		_Delay10KTCYx
		_InitInterrupts
		_InitTimer0
		_InitUSART
		_MessageRoutine
		_PumpDetect
		_ReadAndTime
		_cmStuffsWrapperFun
		_printf
 This function is called by:
		Startup code after reset
 This function uses a non-reentrant model


 *************** function _cmStuffsWrapperFun *****************
 Defined at:
		line 202 in file "serialcomms.c"
 Parameters:    Size  Location     Type
		None
 Auto vars:     Size  Location     Type
  iW              2   79[BANK1 ] int 
  iTemp           2   73[BANK1 ] int 
  iTemp           2   77[BANK1 ] int 
  iTemp           2   75[BANK1 ] int 
  iTemp           2   81[BANK1 ] int 
 Return value:  Size  Location     Type
		None               void
 Registers used:
		wreg, fsr0l, fsr0h, fsr1l, fsr1h, fsr2l, fsr2h, status,2, status,0, tblptrl, tblptrh, tblptru, prodl, prodh, cstack
 Tracked objects:
		On entry : 
		On exit  : 
		Unchanged: 
 Data sizes:     COMRAM   BANK0   BANK1   BANK2   BANK3   BANK4   BANK5
      Params:         0       0       0       0       0       0       0
      Locals:         0       0      10       0       0       0       0
      Temps:          0       0       0       0       0       0       0
      Totals:         0       0      10       0       0       0       0
Total ram usage:       10 bytes
 Hardware stack levels used:    1
 Hardware stack levels required when called:   10
 This function calls:
		___wmul
		_cmFftFun
		_cmFilterHighPassUsingLowPass
		_printf
 This function is called by:
		_main
 This function uses a non-reentrant model


 *************** function _cmFilterHighPassUsingLowPass *****************
 Defined at:
		line 261 in file "serialcomms.c"
 Parameters:    Size  Location     Type
		None
 Auto vars:     Size  Location     Type
  j               2   67[BANK0 ] int 
  j               2   61[BANK0 ] int 
  k               2   57[BANK0 ] int 
  xLPF            2   63[BANK0 ] int 
  i               2   69[BANK0 ] int 
  cmFilterCoef    8   49[BANK0 ] int [4]
  Nsignal         2   65[BANK0 ] int 
  xBuffer         2   59[BANK0 ] int 
 Return value:  Size  Location     Type
		None               void
 Registers used:
		wreg, fsr1l, fsr1h, fsr2l, fsr2h, status,2, status,0, prodl, prodh, cstack
 Tracked objects:
		On entry : 
		On exit  : 
		Unchanged: 
 Data sizes:     COMRAM   BANK0   BANK1   BANK2   BANK3   BANK4   BANK5
      Params:         0       0       0       0       0       0       0
      Locals:         0      22       0       0       0       0       0
      Temps:          0      12       0       0       0       0       0
      Totals:         0      34       0       0       0       0       0
Total ram usage:       34 bytes
 Hardware stack levels used:    1
 Hardware stack levels required when called:    6
 This function calls:
		___wmul
 This function is called by:
		_cmStuffsWrapperFun
 This function uses a non-reentrant model


 *************** function _cmFftFun *****************
 Defined at:
		line 305 in file "serialcomms.c"
 Parameters:    Size  Location     Type
		None
 Auto vars:     Size  Location     Type
  k               2   71[BANK1 ] int 
  place           4   67[BANK1 ] long 
  root            4   63[BANK1 ] long 
  sizeData        2   61[BANK1 ] short 
 Return value:  Size  Location     Type
		None               void
 Registers used:
		wreg, fsr1l, fsr1h, fsr2l, fsr2h, status,2, status,0, tblptrl, tblptrh, tblptru, prodl, prodh, cstack
 Tracked objects:
		On entry : 
		On exit  : 
		Unchanged: 
 Data sizes:     COMRAM   BANK0   BANK1   BANK2   BANK3   BANK4   BANK5
      Params:         0       0       0       0       0       0       0
      Locals:         0       0      12       0       0       0       0
      Temps:          0       0      11       0       0       0       0
      Totals:         0       0      23       0       0       0       0
Total ram usage:       23 bytes
 Hardware stack levels used:    1
 Hardware stack levels required when called:    9
 This function calls:
		___ftdiv
		___fttol
		___wmul
		_fix_fft
		_log
 This function is called by:
		_cmStuffsWrapperFun
 This function uses a non-reentrant model


 *************** function _log *****************
 Defined at:
		line 5 in file "C:\Program Files (x86)\Microchip\xc8\v1.34\sources\common\log.c"
 Parameters:    Size  Location     Type
  x               3   82[BANK0 ] short 
 Auto vars:     Size  Location     Type
  exponent        2   85[BANK0 ] int 
 Return value:  Size  Location     Type
                  3   82[BANK0 ] int 
 Registers used:
		wreg, fsr2l, fsr2h, status,2, status,0, tblptrl, tblptrh, tblptru, prodl, prodh, cstack
 Tracked objects:
		On entry : 
		On exit  : 
		Unchanged: 
 Data sizes:     COMRAM   BANK0   BANK1   BANK2   BANK3   BANK4   BANK5
      Params:         0       3       0       0       0       0       0
      Locals:         0       2       0       0       0       0       0
      Temps:          0       0       0       0       0       0       0
      Totals:         0       5       0       0       0       0       0
Total ram usage:        5 bytes
 Hardware stack levels used:    1
 Hardware stack levels required when called:    8
 This function calls:
		___awtoft
		___ftadd
		___ftmul
		_eval_poly
		_frexp
 This function is called by:
		_cmFftFun
 This function uses a non-reentrant model


 *************** function _frexp *****************
 Defined at:
		line 254 in file "C:\Program Files (x86)\Microchip\xc8\v1.34\sources\common\frexp.c"
 Parameters:    Size  Location     Type
  value           3   31[BANK0 ] int 
  eptr            2   34[BANK0 ] PTR int 
		 -> log@exponent(2), 
 Auto vars:     Size  Location     Type
		None
 Return value:  Size  Location     Type
                  3   31[BANK0 ] PTR int 
 Registers used:
		wreg, fsr2l, fsr2h, status,2, status,0
 Tracked objects:
		On entry : 
		On exit  : 
		Unchanged: 
 Data sizes:     COMRAM   BANK0   BANK1   BANK2   BANK3   BANK4   BANK5
      Params:         0       5       0       0       0       0       0
      Locals:         0       0       0       0       0       0       0
      Temps:          0       2       0       0       0       0       0
      Totals:         0       7       0       0       0       0       0
Total ram usage:        7 bytes
 Hardware stack levels used:    1
 Hardware stack levels required when called:    5
 This function calls:
		Nothing
 This function is called by:
		_log
 This function uses a non-reentrant model


 *************** function _eval_poly *****************
 Defined at:
		line 4 in file "C:\Program Files (x86)\Microchip\xc8\v1.34\sources\common\evalpoly.c"
 Parameters:    Size  Location     Type
  x               3   70[BANK0 ] PTR int 
  d               2   73[BANK0 ] PTR const 
[...]
      Totals:         6       0       0       0       0       0       0
Total ram usage:        6 bytes
 Hardware stack levels used:    1
 Hardware stack levels required when called:    2
 This function calls:
		Nothing
 This function is called by:
		_SerialRxPinInterrupt
 This function uses a non-reentrant model


 *************** function i1_printf *****************
 Defined at:
		line 464 in file "C:\Program Files (x86)\Microchip\xc8\v1.34\sources\common\doprnt.c"
 Parameters:    Size  Location     Type
  f               2   33[COMRAM] PTR const unsigned char 
		 -> STR_57(140), STR_55(20), STR_54(3), STR_52(20), 
		 -> STR_51(3), STR_49(20), STR_48(3), STR_47(31), 
		 -> STR_46(3), STR_45(27), STR_44(3), STR_43(26), 
		 -> STR_42(3), STR_41(34), STR_40(3), STR_38(20), 
		 -> STR_37(20), STR_36(21), STR_35(3), STR_34(14), 
		 -> STR_33(3), STR_32(12), STR_31(3), STR_30(10), 
		 -> STR_29(3), STR_28(12), STR_27(3), STR_26(11), 
		 -> MessageBuffer(20), STR_25(21), STR_24(11), STR_23(11), 
		 -> STR_22(24), STR_21(9), STR_20(19), STR_19(9), 
		 -> STR_18(19), STR_17(13), STR_16(17), STR_15(26), 
		 -> STR_14(18), STR_13(4), STR_12(15), STR_11(14), 
		 -> STR_10(19), STR_9(15), STR_8(14), STR_7(18), 
		 -> STR_6(21), STR_5(18), STR_4(21), STR_3(18), 
		 -> STR_2(21), STR_1(18), 
 Auto vars:     Size  Location     Type
  printf          4    0        struct .
  printf          2   10[BANK0 ] int 
  printf          2    8[BANK0 ] unsigned int 
  printf          2    5[BANK0 ] unsigned int 
  printf          2    3[BANK0 ] PTR void [1]
		 -> ?i1_printf(2), ?_printf(2), 
  printf          2    0[BANK0 ] PTR const unsigned char 
		 -> printf@c(1), 
  printf          1   12[BANK0 ] char 
  printf          1    7[BANK0 ] unsigned char 
  printf          1    2[BANK0 ] char 
 Return value:  Size  Location     Type
                  2   33[COMRAM] int 
 Registers used:
		wreg, fsr0l, fsr0h, fsr2l, fsr2h, status,2, status,0, tblptrl, tblptrh, tblptru, prodl, prodh, cstack
 Tracked objects:
		On entry : 
		On exit  : 
		Unchanged: 
 Data sizes:     COMRAM   BANK0   BANK1   BANK2   BANK3   BANK4   BANK5
      Params:         2       0       0       0       0       0       0
      Locals:         0      13       0       0       0       0       0
      Temps:          4       0       0       0       0       0       0
      Totals:         6      13       0       0       0       0       0
Total ram usage:       19 bytes
 Hardware stack levels used:    1
 Hardware stack levels required when called:    3
 This function calls:
		i1___lwdiv
		i1___lwmod
		i1___wmul
		i1_isdigit
		i1_putch
 This function is called by:
		_SerialRxPinInterrupt
 This function uses a non-reentrant model


 *************** function i1_putch *****************
 Defined at:
		line 77 in file "SerialFuncs.c"
 Parameters:    Size  Location     Type
  c               1    wreg     unsigned char 
 Auto vars:     Size  Location     Type
  c               1   21[COMRAM] unsigned char 
 Return value:  Size  Location     Type
		None               void
 Registers used:
		wreg
 Tracked objects:
		On entry : 
		On exit  : 
		Unchanged: 
 Data sizes:     COMRAM   BANK0   BANK1   BANK2   BANK3   BANK4   BANK5
      Params:         0       0       0       0       0       0       0
      Locals:         1       0       0       0       0       0       0
      Temps:          0       0       0       0       0       0       0
      Totals:         1       0       0       0       0       0       0
Total ram usage:        1 bytes
 Hardware stack levels used:    1
 Hardware stack levels required when called:    2
 This function calls:
		Nothing
 This function is called by:
		i1_printf
 This function uses a non-reentrant model


 *************** function i1_isdigit *****************
 Defined at:
		line 8 in file "C:\Program Files (x86)\Microchip\xc8\v1.34\sources\common\isdigit.c"
 Parameters:    Size  Location     Type
  c               1    wreg     unsigned char 
 Auto vars:     Size  Location     Type
  c               1   23[COMRAM] unsigned char 
 Return value:  Size  Location     Type
		None               void
 Registers used:
		wreg, status,2, status,0
 Tracked objects:
		On entry : 
		On exit  : 
		Unchanged: 
 Data sizes:     COMRAM   BANK0   BANK1   BANK2   BANK3   BANK4   BANK5
      Params:         0       0       0       0       0       0       0
      Locals:         2       0       0       0       0       0       0
      Temps:          1       0       0       0       0       0       0
      Totals:         3       0       0       0       0       0       0
Total ram usage:        3 bytes
 Hardware stack levels used:    1
 Hardware stack levels required when called:    2
 This function calls:
		Nothing
 This function is called by:
		i1_printf
 This function uses a non-reentrant model


 *************** function i1___wmul *****************
 Defined at:
		line 15 in file "C:\Program Files (x86)\Microchip\xc8\v1.34\sources\common\Umul16.c"
 Parameters:    Size  Location     Type
  multiplier      2   21[COMRAM] unsigned int 
  multiplicand    2   23[COMRAM] unsigned int 
 Auto vars:     Size  Location     Type
  __wmul          2   25[COMRAM] unsigned int 
 Return value:  Size  Location     Type
                  2   21[COMRAM] unsigned int 
 Registers used:
		wreg, status,2, status,0, prodl, prodh
 Tracked objects:
		On entry : 
		On exit  : 
		Unchanged: 
 Data sizes:     COMRAM   BANK0   BANK1   BANK2   BANK3   BANK4   BANK5
      Params:         4       0       0       0       0       0       0
      Locals:         2       0       0       0       0       0       0
      Temps:          0       0       0       0       0       0       0
      Totals:         6       0       0       0       0       0       0
Total ram usage:        6 bytes
 Hardware stack levels used:    1
 Hardware stack levels required when called:    2
 This function calls:
		Nothing
 This function is called by:
		i1_printf
 This function uses a non-reentrant model


 *************** function i1___lwmod *****************
 Defined at:
		line 8 in file "C:\Program Files (x86)\Microchip\xc8\v1.34\sources\common\lwmod.c"
 Parameters:    Size  Location     Type
  dividend        2   28[COMRAM] unsigned int 
  divisor         2   30[COMRAM] unsigned int 
 Auto vars:     Size  Location     Type
  __lwmod         1   32[COMRAM] unsigned char 
 Return value:  Size  Location     Type
                  2   28[COMRAM] unsigned int 
 Registers used:
		wreg, status,2, status,0
 Tracked objects:
		On entry : 
		On exit  : 
		Unchanged: 
 Data sizes:     COMRAM   BANK0   BANK1   BANK2   BANK3   BANK4   BANK5
      Params:         4       0       0       0       0       0       0
      Locals:         1       0       0       0       0       0       0
      Temps:          0       0       0       0       0       0       0
      Totals:         5       0       0       0       0       0       0
Total ram usage:        5 bytes
 Hardware stack levels used:    1
 Hardware stack levels required when called:    2
 This function calls:
		Nothing
 This function is called by:
		i1_printf
 This function uses a non-reentrant model


 *************** function i1___lwdiv *****************
 Defined at:
		line 8 in file "C:\Program Files (x86)\Microchip\xc8\v1.34\sources\common\lwdiv.c"
 Parameters:    Size  Location     Type
  dividend        2   21[COMRAM] unsigned int 
  divisor         2   23[COMRAM] unsigned int 
 Auto vars:     Size  Location     Type
  __lwdiv         2   26[COMRAM] unsigned int 
  __lwdiv         1   25[COMRAM] unsigned char 
 Return value:  Size  Location     Type
                  2   21[COMRAM] unsigned int 
 Registers used:
		wreg, status,2, status,0
 Tracked objects:
		On entry : 
		On exit  : 
		Unchanged: 
 Data sizes:     COMRAM   BANK0   BANK1   BANK2   BANK3   BANK4   BANK5
      Params:         4       0       0       0       0       0       0
      Locals:         3       0       0       0       0       0       0
      Temps:          0       0       0       0       0       0       0
      Totals:         7       0       0       0       0       0       0
Total ram usage:        7 bytes
 Hardware stack levels used:    1
 Hardware stack levels required when called:    2
 This function calls:
		Nothing
 This function is called by:
		i1_printf
 This function uses a non-reentrant model


 *************** function _ReadUSART *****************
 Defined at:
		line 15 in file "C:\Program Files (x86)\Microchip\xc8\v1.34\sources\pic18\plib\USART\uread.c"
 Parameters:    Size  Location     Type
		None
 Auto vars:     Size  Location     Type
  data            1   21[COMRAM] unsigned char 
 Return value:  Size  Location     Type
                  1    wreg      unsigned char 
 Registers used:
		wreg, status,2, status,0
 Tracked objects:
		On entry : 
		On exit  : 
		Unchanged: 
 Data sizes:     COMRAM   BANK0   BANK1   BANK2   BANK3   BANK4   BANK5
      Params:         0       0       0       0       0       0       0
      Locals:         1       0       0       0       0       0       0
      Temps:          0       0       0       0       0       0       0
      Totals:         1       0       0       0       0       0       0
Total ram usage:        1 bytes
 Hardware stack levels used:    1
 Hardware stack levels required when called:    2
 This function calls:
		Nothing
 This function is called by:
		_SerialRxPinInterrupt
 This function uses a non-reentrant model


 *************** function _TimingISR *****************
 Defined at:
		line 26 in file "InterruptFuncs.c"
 Parameters:    Size  Location     Type
		None
 Auto vars:     Size  Location     Type
		None
 Return value:  Size  Location     Type
		None               void
 Registers used:
		wreg, status,2, status,0, cstack
 Tracked objects:
		On entry : 
		On exit  : 
		Unchanged: 
 Data sizes:     COMRAM   BANK0   BANK1   BANK2   BANK3   BANK4   BANK5
      Params:         0       0       0       0       0       0       0
      Locals:         0       0       0       0       0       0       0
      Temps:         16       0       0       0       0       0       0
      Totals:        16       0       0       0       0       0       0
Total ram usage:       16 bytes
 Hardware stack levels used:    1
 Hardware stack levels required when called:    1
 This function calls:
		i2___lwmod
 This function is called by:
		Interrupt level 2
 This function uses a non-reentrant model


 *************** function i2___lwmod *****************
 Defined at:
		line 8 in file "C:\Program Files (x86)\Microchip\xc8\v1.34\sources\common\lwmod.c"
 Parameters:    Size  Location     Type
  dividend        2    0[COMRAM] unsigned int 
  divisor         2    2[COMRAM] unsigned int 
 Auto vars:     Size  Location     Type
  __lwmod         1    4[COMRAM] unsigned char 
 Return value:  Size  Location     Type
                  2    0[COMRAM] unsigned int 
 Registers used:
		wreg, status,2, status,0
 Tracked objects:
		On entry : 
		On exit  : 
		Unchanged: 
 Data sizes:     COMRAM   BANK0   BANK1   BANK2   BANK3   BANK4   BANK5
      Params:         4       0       0       0       0       0       0
      Locals:         1       0       0       0       0       0       0
      Temps:          0       0       0       0       0       0       0
      Totals:         5       0       0       0       0       0       0
Total ram usage:        5 bytes
 Hardware stack levels used:    1
 This function calls:
		Nothing
 This function is called by:
		_TimingISR
 This function uses a non-reentrant model



MODULE INFORMATION

Module		Function		Class		Link	Load	Size
TimingFuncs.c
		_TimeLoop      		CODE           	3DF4	0000	133
		_InitTimer0    		CODE           	452C	0000	13

TimingFuncs.c estimated size: 146

C:\Program Files (x86)\Microchip\xc8\v1.34\sources\pic18\d10ktcyx.c
		_Delay10KTCYx  		CODE           	445A	0000	31

C:\Program Files (x86)\Microchip\xc8\v1.34\sources\pic18\d10ktcyx.c estimated size: 31

C:\Program Files (x86)\Microchip\xc8\v1.34\sources\pic18\d1ktcyx.c
		_Delay1KTCYx   		CODE           	44A4	0000	23

C:\Program Files (x86)\Microchip\xc8\v1.34\sources\pic18\d1ktcyx.c estimated size: 23

C:\Program Files (x86)\Microchip\xc8\v1.34\sources\pic18\plib\ADC\adcbusy.c
		_BusyADC       		CODE           	4502	0000	15

C:\Program Files (x86)\Microchip\xc8\v1.34\sources\pic18\plib\ADC\adcbusy.c estimated size: 15

C:\Program Files (x86)\Microchip\xc8\v1.34\sources\common\ftneg.c
		___ftneg       		CODE           	431C	0000	49

C:\Program Files (x86)\Microchip\xc8\v1.34\sources\common\ftneg.c estimated size: 49

C:\Program Files (x86)\Microchip\xc8\v1.34\sources\common\Umul32.c
		___lmul        		CODE           	3F7E	0000	123

C:\Program Files (x86)\Microchip\xc8\v1.34\sources\common\Umul32.c estimated size: 123

C:\Program Files (x86)\Microchip\xc8\v1.34\sources\common\abs.c
		_abs           		CODE           	437A	0000	45

C:\Program Files (x86)\Microchip\xc8\v1.34\sources\common\abs.c estimated size: 45

C:\Program Files (x86)\Microchip\xc8\v1.34\sources\common\float.c
		___ftpack      		CODE           	36A0	0000	289

C:\Program Files (x86)\Microchip\xc8\v1.34\sources\common\float.c estimated size: 289

C:\Program Files (x86)\Microchip\xc8\v1.34\sources\common\atoi.c
		_atoi          		CODE           	37C0	0000	249

C:\Program Files (x86)\Microchip\xc8\v1.34\sources\common\atoi.c estimated size: 249

C:\Program Files (x86)\Microchip\xc8\v1.34\sources\pic18\plib\USART\uopen.c
		_OpenUSART     		CODE           	3E78	0000	133

C:\Program Files (x86)\Microchip\xc8\v1.34\sources\pic18\plib\USART\uopen.c estimated size: 133

C:\Program Files (x86)\Microchip\xc8\v1.34\sources\pic18\plib\Timers\t0open.c
		_OpenTimer0    		CODE           	43CE	0000	39

C:\Program Files (x86)\Microchip\xc8\v1.34\sources\pic18\plib\Timers\t0open.c estimated size: 39

C:\Program Files (x86)\Microchip\xc8\v1.34\sources\common\evalpoly.c
		_eval_poly     		CODE           	38B8	0000	239

C:\Program Files (x86)\Microchip\xc8\v1.34\sources\common\evalpoly.c estimated size: 239

C:\Program Files (x86)\Microchip\xc8\v1.34\sources\common\lwmod.c
		___lwmod       		CODE           	3FF8	0000	109

C:\Program Files (x86)\Microchip\xc8\v1.34\sources\common\lwmod.c estimated size: 109

InterruptFuncs.c
		_InitInterrupts		CODE           	44E0	0000	19
		_TimingISR     		CODE           	0008	0000	571

InterruptFuncs.c estimated size: 590

C:\Program Files (x86)\Microchip\xc8\v1.34\sources\common\awtoft.c
		___awtoft      		CODE           	4256	0000	73

C:\Program Files (x86)\Microchip\xc8\v1.34\sources\common\awtoft.c estimated size: 73

C:\Program Files (x86)\Microchip\xc8\v1.34\sources\common\frexp.c
		_frexp         		CODE           	3BFE	0000	175

C:\Program Files (x86)\Microchip\xc8\v1.34\sources\common\frexp.c estimated size: 175

C:\Program Files (x86)\Microchip\xc8\v1.34\sources\pic18\plib\ADC\adcread.c
		_ReadADC       		CODE           	44BA	0000	21

C:\Program Files (x86)\Microchip\xc8\v1.34\sources\pic18\plib\ADC\adcread.c estimated size: 21

AccelerationFuncs.c
		_PumpDetect    		CODE           	2EB4	0000	433
		_Read_Z        		CODE           	39A6	0000	201
		_approxRollingA		CODE           	3D54	0000	161
		_Read_X        		CODE           	3B36	0000	201
		_ReadAndTime   		CODE           	2CC2	0000	499
		_Read_Y        		CODE           	3A6E	0000	201
		_ConfigADC     		CODE           	4510	0000	15

AccelerationFuncs.c estimated size: 1711

C:\Program Files (x86)\Microchip\xc8\v1.34\sources\common\ftmul.c
		___ftmul       		CODE           	3064	0000	349

C:\Program Files (x86)\Microchip\xc8\v1.34\sources\common\ftmul.c estimated size: 349

C:\Program Files (x86)\Microchip\xc8\v1.34\sources\common\isdigit.c
		_isdigit       		CODE           	434C	0000	47

C:\Program Files (x86)\Microchip\xc8\v1.34\sources\common\isdigit.c estimated size: 47

C:\Program Files (x86)\Microchip\xc8\v1.34\sources\pic18\plib\USART\uread.c
		_ReadUSART     		CODE           	43F4	0000	37

C:\Program Files (x86)\Microchip\xc8\v1.34\sources\pic18\plib\USART\uread.c estimated size: 37

C:\Program Files (x86)\Microchip\xc8\v1.34\sources\common\ftdiv.c
		___ftdiv       		CODE           	31C0	0000	323

C:\Program Files (x86)\Microchip\xc8\v1.34\sources\common\ftdiv.c estimated size: 323

C:\Program Files (x86)\Microchip\xc8\v1.34\sources\pic18\plib\Timers\t0read.c
		_ReadTimer0    		CODE           	44CE	0000	19

C:\Program Files (x86)\Microchip\xc8\v1.34\sources\pic18\plib\Timers\t0read.c estimated size: 19

shared
		i1_printf      		CODE           	17EC	0000	963
		i1_putch       		CODE           	451E	0000	15
		i1___lwdiv     		CODE           	40C2	0000	93
		_dpowers       		MEDIUMCONST    	7CD5	0000	11
		i1_isdigit     		CODE           	4418	0000	35
		i1_strcpy      		CODE           	429E	0000	71
		i1___wmul      		CODE           	43A6	0000	41
		i1___lwmod     		CODE           	4174	0000	77
		i2___lwmod     		CODE           	41C0	0000	77
		__initializatio		CODE           	3CAC	0000	159
		_Sinewave      		MEDIUMCONST    	76D5	0000	1537
		log@coeff      		MEDIUMCONST    	7CDF	0000	28

shared estimated size: 3107

C:\Program Files (x86)\Microchip\xc8\v1.34\sources\common\log.c
		_log           		CODE           	3302	0000	321

C:\Program Files (x86)\Microchip\xc8\v1.34\sources\common\log.c estimated size: 321

C:\Program Files (x86)\Microchip\xc8\v1.34\sources\common\strcmp.c
		_strcmp        		CODE           	4064	0000	95

C:\Program Files (x86)\Microchip\xc8\v1.34\sources\common\strcmp.c estimated size: 95

C:\Program Files (x86)\Microchip\xc8\v1.34\sources\common\strcpy.c
		_strcpy        		CODE           	420C	0000	75

C:\Program Files (x86)\Microchip\xc8\v1.34\sources\common\strcpy.c estimated size: 75

C:\Program Files (x86)\Microchip\xc8\v1.34\sources\pic18\plib\ADC\adcconv.c
		_ConvertADC    		CODE           	4538	0000	5

C:\Program Files (x86)\Microchip\xc8\v1.34\sources\pic18\plib\ADC\adcconv.c estimated size: 5

fft.c
		_fix_fft       		CODE           	018C	0000	2623

fft.c estimated size: 2623

C:\Program Files (x86)\Microchip\xc8\v1.34\sources\common\lwdiv.c
		___lwdiv       		CODE           	3EFC	0000	131

C:\Program Files (x86)\Microchip\xc8\v1.34\sources\common\lwdiv.c estimated size: 131

C:\Program Files (x86)\Microchip\xc8\v1.34\sources\pic18\d10tcyx.c
		_Delay10TCYx   		CODE           	448E	0000	23

C:\Program Files (x86)\Microchip\xc8\v1.34\sources\pic18\d10tcyx.c estimated size: 23

SerialFuncs.c
		_SerialRxPinInt		CODE           	0018	0000	369
		_SetDateTime   		CODE           	283C	0000	605
		_putch         		CODE           	44F2	0000	17
		_InitUSART     		CODE           	443A	0000	33
		_MessageRoutine		CODE           	0BCA	0000	1047

SerialFuncs.c estimated size: 2071

C:\Program Files (x86)\Microchip\xc8\v1.34\sources\common\aldiv.c
		___aldiv       		CODE           	3574	0000	301

C:\Program Files (x86)\Microchip\xc8\v1.34\sources\common\aldiv.c estimated size: 301

C:\Program Files (x86)\Microchip\xc8\v1.34\sources\common\doprnt.c
		_printf        		CODE           	13F4	0000	1017

C:\Program Files (x86)\Microchip\xc8\v1.34\sources\common\doprnt.c estimated size: 1017

C:\Program Files (x86)\Microchip\xc8\v1.34\sources\common\fttol.c
		___fttol       		CODE           	3442	0000	307

C:\Program Files (x86)\Microchip\xc8\v1.34\sources\common\fttol.c estimated size: 307

serialcomms.c
		_main          		CODE           	22CA	0000	757
		_cmFilterHighPa		CODE           	1BAE	0000	941
		_cmFftFun      		CODE           	0FE0	0000	1045
		_cmStuffsWrappe		CODE           	1F5A	0000	881

serialcomms.c estimated size: 3624

C:\Program Files (x86)\Microchip\xc8\v1.34\sources\common\Umul16.c
		___wmul        		CODE           	42E4	0000	57

C:\Program Files (x86)\Microchip\xc8\v1.34\sources\common\Umul16.c estimated size: 57

C:\Program Files (x86)\Microchip\xc8\v1.34\sources\common\ftadd.c
		___ftadd       		CODE           	25BE	0000	639

C:\Program Files (x86)\Microchip\xc8\v1.34\sources\common\ftadd.c estimated size: 639

